2026-09-28 11:12:27 | [INFO   ] | Инициализация...
2026-09-28 11:12:44 | [INFO   ] | Инициализация...
2026-09-28 11:13:06 | [INFO   ] | Инициализация...
2026-09-28 11:14:07 | [INFO   ] | Инициализация...
2026-09-28 11:14:07 | [INFO   ] | Приложение готово к работе. Запуск интерфейса...
2026-09-28 11:16:39 | [INFO   ] | Инициализация...
2026-09-28 11:16:39 | [INFO   ] | Приложение готово к работе. Запуск интерфейса...
2026-09-28 11:17:29 | [INFO   ] | Инициализация...
2026-09-28 11:18:08 | [INFO   ] | Инициализация...
2026-09-28 11:18:08 | [INFO   ] | Приложение готово к работе. Запуск интерфейса...
2026-09-28 11:19:58 | [INFO   ] | Инициализация...
2026-09-28 11:19:58 | [INFO   ] | Приложение готово к работе. Запуск интерфейса...
2026-09-28 11:22:09 | [INFO   ] | Инициализация...
2026-09-28 11:22:09 | [INFO   ] | Приложение готово к работе. Запуск интерфейса...
2026-09-28 11:27:08 | [INFO   ] | Инициализация...
2026-09-28 11:27:08 | [INFO   ] | Приложение готово к работе. Запуск интерфейса...
2026-09-28 11:27:16 | [INFO   ] | Success. params: A='12', B='12', C='12' | Type: равносторонний, Coordinates: [(0, 7), (100, 7), (50, 93)]
2026-09-28 11:29:33 | [INFO   ] | Инициализация...
2026-09-28 11:30:08 | [INFO   ] | Инициализация...
2026-09-28 11:30:08 | [INFO   ] | Приложение готово к работе. Запуск интерфейса...
2026-09-28 11:30:48 | [INFO   ] | Инициализация...
2026-09-28 11:30:48 | [INFO   ] | Приложение готово к работе. Запуск интерфейса...
2026-09-28 11:31:13 | [INFO   ] | Инициализация...
2026-09-28 11:31:13 | [INFO   ] | Приложение готово к работе. Запуск интерфейса...
2026-09-28 11:31:35 | [INFO   ] | Инициализация...
2026-09-28 11:31:35 | [INFO   ] | Приложение готово к работе. Запуск интерфейса...
2026-09-28 11:31:44 | [ERROR  ] | Failed. Invalid values. params: A='as', B='', C=''
Traceback (most recent call last):
  File "c:\Users\SHelkovnikovaAA\PTPM\src\controller_class.py", line 40, in start_new_scenario
    a = float(str_a.replace(',', '.'))
ValueError: could not convert string to float: 'as'

During handling of the above exception, another exception occurred:

Traceback (most recent call last):
  File "c:\Users\SHelkovnikovaAA\PTPM\src\triangle_placer.py", line 41, in calculate_triangle
    a = float(str_a)
ValueError: could not convert string to float: 'as'
2026-09-28 11:31:59 | [INFO   ] | Success. params: A='60', B='60', C='30' | Type: равнобедренный, Coordinates: [(0, 26), (100, 26), (12, 74)]
2026-10-03 14:24:02 | [INFO   ] | Инициализация...
2026-10-03 14:24:02 | [INFO   ] | Приложение готово к работе. Запуск интерфейса...
2026-10-03 14:24:15 | [INFO   ] | Success. params: A='10', B='12', C='9' | Type: разносторонний, Coordinates: [(0, 6), (100, 6), (18, 94)]
2026-10-03 14:28:12 | [INFO   ] | Инициализация...
2026-10-03 14:28:12 | [INFO   ] | Приложение готово к работе. Запуск интерфейса...
2026-10-03 14:28:18 | [INFO   ] | Success. params: A='11', B='11', C='11' | Type: равносторонний, Coordinates: [(0, 7), (100, 7), (50, 93)]
